// Jest Snapshot v1, https://goo.gl/fbAQLP

exports[`Expect to render counterbutton 1`] = `1`;
